// Jest Snapshot v1, https://goo.gl/fbAQLP

exports[`ColorArea matches the snapshot 1`] = `
<span
  aria-label="sample label"
  className="component-color-area"
  style={
    Object {
      "background": "#fff",
    }
  }
/>
`;
